../Core/Src/main.c:102:6:subscription_str_callback	120	static
../Core/Src/main.c:114:6:subscription_imu_callback	24	static
../Core/Src/main.c:123:6:subscription_ak60_callback	24	static
../Core/Src/main.c:135:6:debug_led	8	static
../Core/Src/main.c:148:5:main	8	static
../Core/Src/main.c:230:6:SystemClock_Config	88	static
../Core/Src/main.c:285:13:MX_CAN1_Init	8	static
../Core/Src/main.c:322:13:MX_USART2_UART_Init	8	static
../Core/Src/main.c:353:13:MX_DMA_Init	16	static
../Core/Src/main.c:374:13:MX_GPIO_Init	48	static
../Core/Src/main.c:422:6:StartDefaultTask	912	static
../Core/Src/main.c:559:6:HAL_TIM_PeriodElapsedCallback	16	static
../Core/Src/main.c:576:6:Error_Handler	4	static,ignoring_inline_asm
